[Thu May 22 11:13:50 2025] Socket configurado correctamente
[Thu May 22 11:14:05 2025] Inicio de sesion correcto
[Thu May 22 11:16:26 2025] Socket configurado correctamente
[Thu May 22 11:16:35 2025] Inicio de sesion correcto
[Thu May 22 11:20:31 2025] Socket configurado correctamente
[Thu May 22 11:20:39 2025] Inicio de sesion correcto
[Thu May 22 11:23:40 2025] Socket configurado correctamente
[Thu May 22 11:26:26 2025] Socket configurado correctamente
[Thu May 22 11:26:32 2025] Inicio de sesion correcto
[Thu May 22 11:27:01 2025] Socket configurado correctamente
[Thu May 22 11:27:08 2025] Inicio de sesion correcto
[Thu May 22 11:40:47 2025] Socket configurado correctamente
[Thu May 22 11:40:55 2025] Inicio de sesion correcto
[Thu May 22 11:41:04 2025] Error al iniciar sesion
[Thu May 22 11:43:44 2025] Socket configurado correctamente
[Thu May 22 11:43:56 2025] Inicio de sesion correcto
[Thu May 22 11:44:09 2025] Error al iniciar sesion
[Thu May 22 11:48:38 2025] Socket configurado correctamente
[Thu May 22 11:48:48 2025] Error al iniciar sesion
[Thu May 22 11:52:01 2025] Socket configurado correctamente
[Thu May 22 11:52:08 2025] Error al iniciar sesion
[Thu May 22 11:52:15 2025] Socket configurado correctamente
[Thu May 22 11:52:27 2025] Error al iniciar sesion
[Thu May 22 11:53:16 2025] Socket configurado correctamente
[Thu May 22 11:53:24 2025] Error al iniciar sesion
[Thu May 22 11:53:42 2025] Error al iniciar sesion
[Thu May 22 11:54:29 2025] Socket configurado correctamente
[Thu May 22 11:54:44 2025] Socket configurado correctamente
[Thu May 22 11:54:51 2025] Inicio de sesion correcto
[Thu May 22 12:57:23 2025] Socket configurado correctamente
[Thu May 22 12:57:34 2025] Inicio de sesion correcto
[Thu May 22 12:57:42 2025] Error al iniciar sesion
[Thu May 22 12:59:05 2025] Socket configurado correctamente
[Thu May 22 12:59:11 2025] Inicio de sesion correcto
[Thu May 22 12:59:17 2025] Error al iniciar sesion
[Thu May 22 13:02:44 2025] Socket configurado correctamente
[Thu May 22 13:02:53 2025] Inicio de sesion correcto
[Thu May 22 13:03:00 2025] Error al iniciar sesion
[Thu May 22 13:04:36 2025] Socket configurado correctamente
[Thu May 22 13:04:44 2025] Inicio de sesion correcto
[Thu May 22 13:05:13 2025] Error al iniciar sesion
[Thu May 22 13:05:59 2025] Socket configurado correctamente
[Thu May 22 13:06:12 2025] Inicio de sesion correcto
[Thu May 22 13:08:24 2025] Socket configurado correctamente
[Thu May 22 13:08:32 2025] Error al iniciar sesion
[Thu May 22 13:08:41 2025] Error al iniciar sesion
[Thu May 22 13:09:01 2025] Socket configurado correctamente
[Thu May 22 13:09:08 2025] Inicio de sesion correcto
[Thu May 22 13:10:32 2025] Socket configurado correctamente
[Thu May 22 13:10:42 2025] Socket configurado correctamente
[Thu May 22 13:10:54 2025] Inicio de sesion correcto
[Thu May 22 13:12:12 2025] Socket configurado correctamente
[Thu May 22 13:13:13 2025] Socket configurado correctamente
[Thu May 22 13:13:19 2025] Inicio de sesion correcto
[Thu May 22 13:15:33 2025] Socket configurado correctamente
[Thu May 22 13:15:40 2025] Inicio de sesion correcto
[Thu May 22 13:17:48 2025] Socket configurado correctamente
[Thu May 22 13:17:53 2025] Error al iniciar sesion
[Thu May 22 13:18:01 2025] Error al iniciar sesion
[Thu May 22 13:18:16 2025] Inicio de sesion correcto
[Thu May 22 13:19:17 2025] Socket configurado correctamente
[Thu May 22 13:19:26 2025] Inicio de sesion correcto
[Thu May 22 13:21:09 2025] Socket configurado correctamente
[Thu May 22 13:21:16 2025] Inicio de sesion correcto
[Thu May 22 13:23:34 2025] Socket configurado correctamente
[Thu May 22 13:23:42 2025] Inicio de sesion correcto
[Thu May 22 13:25:10 2025] Socket configurado correctamente
[Thu May 22 13:25:17 2025] Error al iniciar sesion
[Thu May 22 13:25:25 2025] Error al iniciar sesion
[Thu May 22 13:25:34 2025] Error al iniciar sesion
[Thu May 22 13:25:44 2025] Error al iniciar sesion
[Thu May 22 13:25:56 2025] Inicio de sesion correcto
[Thu May 22 13:28:27 2025] Socket configurado correctamente
[Thu May 22 13:28:34 2025] Inicio de sesion correcto
[Thu May 22 13:31:09 2025] Socket configurado correctamente
[Thu May 22 13:31:14 2025] Inicio de sesion correcto
[Thu May 22 13:32:37 2025] Socket configurado correctamente
[Thu May 22 13:32:43 2025] Inicio de sesion correcto
[Thu May 22 13:33:48 2025] Socket configurado correctamente
[Thu May 22 13:33:55 2025] Inicio de sesion correcto
[Thu May 22 13:35:58 2025] Socket configurado correctamente
[Thu May 22 13:36:06 2025] Inicio de sesion correcto
[Thu May 22 13:37:16 2025] Socket configurado correctamente
[Thu May 22 13:37:22 2025] Inicio de sesion correcto
[Thu May 22 13:40:32 2025] Socket configurado correctamente
[Thu May 22 13:40:37 2025] Inicio de sesion correcto
[Thu May 22 13:42:34 2025] Socket configurado correctamente
[Thu May 22 13:42:39 2025] Inicio de sesion correcto
[Thu May 22 13:43:58 2025] Socket configurado correctamente
[Thu May 22 13:44:03 2025] Inicio de sesion correcto
[Thu May 22 13:45:04 2025] Socket configurado correctamente
[Thu May 22 13:45:15 2025] Socket configurado correctamente
[Thu May 22 13:45:22 2025] Inicio de sesion correcto
[Thu May 22 13:49:24 2025] Socket configurado correctamente
[Thu May 22 13:49:30 2025] Inicio de sesion correcto
[Thu May 22 13:50:36 2025] Socket configurado correctamente
[Thu May 22 13:50:42 2025] Error al iniciar sesion
[Thu May 22 13:50:59 2025] Socket configurado correctamente
[Thu May 22 13:51:09 2025] Socket configurado correctamente
[Thu May 22 13:51:27 2025] Socket configurado correctamente
[Thu May 22 13:51:33 2025] Error al iniciar sesion
[Thu May 22 13:51:45 2025] Socket configurado correctamente
[Thu May 22 13:51:55 2025] Inicio de sesion correcto
[Thu May 22 13:54:06 2025] Socket configurado correctamente
[Thu May 22 13:54:12 2025] Inicio de sesion correcto
[Thu May 22 13:55:49 2025] Socket configurado correctamente
[Thu May 22 13:55:54 2025] Inicio de sesion correcto
[Thu May 22 14:03:42 2025] Socket configurado correctamente
[Thu May 22 14:03:48 2025] Inicio de sesion correcto
[Thu May 22 14:13:49 2025] Socket configurado correctamente
[Thu May 22 14:13:55 2025] Inicio de sesion correcto
[Thu May 22 14:15:52 2025] Socket configurado correctamente
[Thu May 22 14:16:06 2025] Inicio de sesion correcto
[Thu May 22 14:18:10 2025] Socket configurado correctamente
[Thu May 22 14:18:16 2025] Inicio de sesion correcto
[Fri May 23 09:49:18 2025] Socket configurado correctamente
[Fri May 23 09:49:36 2025] Socket configurado correctamente
[Fri May 23 09:49:47 2025] Inicio de sesion correcto
[Fri May 23 10:43:36 2025] Socket configurado correctamente
[Fri May 23 10:43:42 2025] Inicio de sesion correcto
[Fri May 23 10:44:46 2025] Socket configurado correctamente
[Fri May 23 10:45:06 2025] Inicio de sesion correcto
[Fri May 23 10:45:54 2025] Error al iniciar sesion
[Fri May 23 10:46:14 2025] Socket configurado correctamente
[Fri May 23 10:46:20 2025] Inicio de sesion correcto
[Fri May 23 10:47:42 2025] Socket configurado correctamente
[Fri May 23 10:47:47 2025] Inicio de sesion correcto
[Fri May 23 10:49:24 2025] Socket configurado correctamente
[Fri May 23 10:49:30 2025] Inicio de sesion correcto
[Fri May 23 10:50:17 2025] Socket configurado correctamente
[Fri May 23 10:50:24 2025] Inicio de sesion correcto
[Fri May 23 11:01:39 2025] Socket configurado correctamente
[Fri May 23 11:01:45 2025] Inicio de sesion correcto
[Fri May 23 12:49:30 2025] Socket configurado correctamente
[Fri May 23 12:49:38 2025] Error al iniciar sesion
[Fri May 23 12:49:46 2025] Error al iniciar sesion
[Fri May 23 12:49:55 2025] Inicio de sesion correcto
[Fri May 23 12:50:20 2025] Socket configurado correctamente
[Fri May 23 12:50:23 2025] Error al iniciar sesion
[Fri May 23 12:50:31 2025] Error al iniciar sesion
[Fri May 23 12:50:39 2025] Inicio de sesion correcto
[Fri May 23 12:52:56 2025] Socket configurado correctamente
[Fri May 23 12:52:59 2025] Error al iniciar sesion
[Fri May 23 12:53:09 2025] Error al iniciar sesion
[Fri May 23 12:53:19 2025] Error al iniciar sesion
[Fri May 23 12:53:27 2025] Error al iniciar sesion
[Fri May 23 12:53:34 2025] Error al iniciar sesion
[Fri May 23 12:53:56 2025] Error al iniciar sesion
[Fri May 23 12:55:06 2025] Socket configurado correctamente
[Fri May 23 12:55:12 2025] Error al iniciar sesion
[Fri May 23 12:55:21 2025] Error al iniciar sesion
[Fri May 23 12:55:57 2025] Error al iniciar sesion
[Fri May 23 12:59:33 2025] Socket configurado correctamente
[Fri May 23 12:59:40 2025] Error al iniciar sesion
[Fri May 23 12:59:52 2025] Error al iniciar sesion
[Fri May 23 13:00:01 2025] Error al iniciar sesion
[Fri May 23 13:01:43 2025] Socket configurado correctamente
[Fri May 23 13:01:47 2025] Error al iniciar sesion
[Fri May 23 13:01:54 2025] Error al iniciar sesion
[Fri May 23 13:02:02 2025] Error al iniciar sesion
[Fri May 23 13:02:11 2025] Error al iniciar sesion
[Fri May 23 13:02:20 2025] Error al iniciar sesion
[Fri May 23 13:04:25 2025] Socket configurado correctamente
[Fri May 23 13:04:55 2025] Socket configurado correctamente
[Fri May 23 13:05:00 2025] Error al iniciar sesion
[Fri May 23 13:05:09 2025] Error al iniciar sesion
[Fri May 23 13:05:41 2025] Socket configurado correctamente
[Fri May 23 13:05:48 2025] Error al iniciar sesion
[Fri May 23 13:05:57 2025] Error al iniciar sesion
[Fri May 23 13:06:45 2025] Error al iniciar sesion
[Fri May 23 13:07:13 2025] Error al iniciar sesion
[Fri May 23 13:07:39 2025] Socket configurado correctamente
[Fri May 23 13:07:45 2025] Inicio de sesion correcto
[Fri May 23 13:08:16 2025] Socket configurado correctamente
[Fri May 23 13:08:20 2025] Error al iniciar sesion
[Fri May 23 13:08:29 2025] Error al iniciar sesion
[Fri May 23 13:08:38 2025] Inicio de sesion correcto
[Fri May 23 13:10:14 2025] Socket configurado correctamente
[Fri May 23 13:10:17 2025] Error al iniciar sesion
[Fri May 23 13:10:25 2025] Inicio de sesion correcto
[Fri May 23 13:46:46 2025] Socket configurado correctamente
[Fri May 23 13:46:52 2025] Inicio de sesion correcto
[Fri May 23 13:47:00 2025] Error al iniciar sesion
[Fri May 23 13:47:07 2025] Inicio de sesion correcto
[Fri May 23 13:48:17 2025] Socket configurado correctamente
[Fri May 23 13:48:22 2025] Inicio de sesion correcto
[Fri May 23 13:48:28 2025] Error al iniciar sesion
[Fri May 23 13:49:53 2025] Socket configurado correctamente
[Fri May 23 13:49:59 2025] Inicio de sesion correcto
[Fri May 23 13:50:04 2025] Inicio de sesion correcto
[Fri May 23 16:45:36 2025] Socket configurado correctamente
[Fri May 23 16:45:43 2025] Inicio de sesion correcto
[Fri May 23 16:47:06 2025] Socket configurado correctamente
[Fri May 23 16:47:16 2025] Inicio de sesion correcto
[Fri May 23 16:49:07 2025] Socket configurado correctamente
[Fri May 23 16:49:22 2025] Inicio de sesion correcto
[Fri May 23 16:50:27 2025] Socket configurado correctamente
[Fri May 23 16:50:36 2025] Inicio de sesion correcto
[Fri May 23 16:51:22 2025] Socket configurado correctamente
[Fri May 23 16:51:27 2025] Inicio de sesion correcto
[Fri May 23 16:53:20 2025] Socket configurado correctamente
[Fri May 23 16:53:28 2025] Inicio de sesion correcto
[Fri May 23 16:55:58 2025] Socket configurado correctamente
[Fri May 23 16:56:05 2025] Inicio de sesion correcto
[Fri May 23 16:57:20 2025] Socket configurado correctamente
[Fri May 23 16:57:26 2025] Inicio de sesion correcto
[Fri May 23 16:59:57 2025] Socket configurado correctamente
[Fri May 23 17:00:05 2025] Error al iniciar sesion
[Fri May 23 17:00:10 2025] Inicio de sesion correcto
[Fri May 23 17:03:38 2025] Socket configurado correctamente
[Fri May 23 17:03:42 2025] Inicio de sesion correcto
[Fri May 23 17:05:00 2025] Socket configurado correctamente
[Fri May 23 17:05:05 2025] Inicio de sesion correcto
[Fri May 23 17:09:35 2025] Socket configurado correctamente
[Fri May 23 17:09:57 2025] Socket configurado correctamente
[Fri May 23 17:10:02 2025] Inicio de sesion correcto
[Fri May 23 17:11:15 2025] Socket configurado correctamente
[Fri May 23 17:11:35 2025] Inicio de sesion correcto
[Fri May 23 17:12:14 2025] Socket configurado correctamente
[Fri May 23 17:12:17 2025] Inicio de sesion correcto
[Fri May 23 17:15:44 2025] Socket configurado correctamente
[Fri May 23 17:15:48 2025] Inicio de sesion correcto
[Fri May 23 17:16:24 2025] Socket configurado correctamente
[Fri May 23 17:16:28 2025] Inicio de sesion correcto
[Fri May 23 17:16:47 2025] Socket configurado correctamente
[Fri May 23 17:16:50 2025] Inicio de sesion correcto
[Fri May 23 17:17:12 2025] Socket configurado correctamente
[Fri May 23 17:17:19 2025] Inicio de sesion correcto
[Fri May 23 17:23:52 2025] Socket configurado correctamente
[Fri May 23 17:23:55 2025] Inicio de sesion correcto
[Fri May 23 17:24:41 2025] Socket configurado correctamente
[Fri May 23 17:24:46 2025] Inicio de sesion correcto
[Fri May 23 17:26:18 2025] Socket configurado correctamente
[Fri May 23 17:26:21 2025] Inicio de sesion correcto
[Fri May 23 17:28:08 2025] Socket configurado correctamente
[Fri May 23 17:28:12 2025] Inicio de sesion correcto
[Fri May 23 17:29:24 2025] Socket configurado correctamente
[Fri May 23 17:29:28 2025] Inicio de sesion correcto
[Fri May 23 17:31:14 2025] Socket configurado correctamente
[Fri May 23 17:31:20 2025] Inicio de sesion correcto
[Fri May 23 17:32:02 2025] Socket configurado correctamente
[Fri May 23 17:32:05 2025] Inicio de sesion correcto
[Fri May 23 17:33:47 2025] Socket configurado correctamente
[Fri May 23 17:33:51 2025] Inicio de sesion correcto
[Fri May 23 17:42:24 2025] Socket configurado correctamente
[Fri May 23 17:42:26 2025] Inicio de sesion correcto
[Fri May 23 17:43:18 2025] Socket configurado correctamente
[Fri May 23 17:43:21 2025] Inicio de sesion correcto
[Fri May 23 17:44:30 2025] Socket configurado correctamente
[Fri May 23 17:44:32 2025] Inicio de sesion correcto
[Fri May 23 17:45:03 2025] Socket configurado correctamente
[Fri May 23 17:45:06 2025] Inicio de sesion correcto
[Fri May 23 17:45:25 2025] Socket configurado correctamente
[Fri May 23 17:45:27 2025] Inicio de sesion correcto
[Fri May 23 18:04:48 2025] Socket configurado correctamente
[Fri May 23 18:05:03 2025] Socket configurado correctamente
[Fri May 23 18:05:31 2025] Inicio de sesion correcto
[Fri May 23 18:05:49 2025] Inicio de sesion correcto
[Fri May 23 18:06:42 2025] Socket configurado correctamente
[Fri May 23 18:06:58 2025] Inicio de sesion correcto
[Fri May 23 18:32:25 2025] Socket configurado correctamente
[Fri May 23 18:32:52 2025] Inicio de sesion correcto
[Fri May 23 18:38:35 2025] Socket configurado correctamente
[Fri May 23 18:38:49 2025] Inicio de sesion correcto
[Fri May 23 18:43:40 2025] Socket configurado correctamente
[Fri May 23 18:43:55 2025] Inicio de sesion correcto
[Fri May 23 19:06:10 2025] Socket configurado correctamente
[Fri May 23 19:06:34 2025] Inicio de sesion correcto
[Fri May 23 19:08:29 2025] Socket configurado correctamente
[Fri May 23 19:08:45 2025] Inicio de sesion correcto
[Fri May 23 19:10:43 2025] Socket configurado correctamente
[Fri May 23 19:11:02 2025] Inicio de sesion correcto
[Fri May 23 19:12:19 2025] Socket configurado correctamente
[Fri May 23 19:12:38 2025] Inicio de sesion correcto
[Fri May 23 19:14:01 2025] Socket configurado correctamente
[Fri May 23 19:14:14 2025] Inicio de sesion correcto
[Fri May 23 19:17:45 2025] Socket configurado correctamente
[Fri May 23 19:17:57 2025] Inicio de sesion correcto
[Fri May 23 19:28:42 2025] Socket configurado correctamente
[Fri May 23 19:28:52 2025] Socket configurado correctamente
[Fri May 23 19:29:07 2025] Inicio de sesion correcto
[Fri May 23 19:31:25 2025] Socket configurado correctamente
[Fri May 23 19:31:40 2025] Inicio de sesion correcto
[Fri May 23 19:34:17 2025] Socket configurado correctamente
[Fri May 23 19:34:30 2025] Inicio de sesion correcto
[Fri May 23 19:36:32 2025] Socket configurado correctamente
[Fri May 23 19:36:44 2025] Inicio de sesion correcto
[Fri May 23 19:39:45 2025] Socket configurado correctamente
[Fri May 23 19:39:59 2025] Inicio de sesion correcto
[Fri May 23 19:47:40 2025] Socket configurado correctamente
[Fri May 23 19:47:54 2025] Inicio de sesion correcto
[Fri May 23 19:53:57 2025] Socket configurado correctamente
[Fri May 23 20:14:35 2025] Socket configurado correctamente
[Fri May 23 20:14:41 2025] Error al iniciar sesion
[Fri May 23 20:15:01 2025] Socket configurado correctamente
[Fri May 23 20:15:21 2025] Inicio de sesion correcto
[Fri May 23 20:15:39 2025] Inicio de sesion correcto
[Fri May 23 20:17:49 2025] Socket configurado correctamente
[Fri May 23 20:18:00 2025] Inicio de sesion correcto
[Fri May 23 20:19:30 2025] Socket configurado correctamente
[Fri May 23 20:19:42 2025] Inicio de sesion correcto
[Sat May 24 09:27:54 2025] Socket configurado correctamente
[Sat May 24 09:27:57 2025] Inicio de sesion correcto
[Sat May 24 09:29:33 2025] Socket configurado correctamente
[Sat May 24 09:29:36 2025] Inicio de sesion correcto
[Sat May 24 09:30:16 2025] Socket configurado correctamente
[Sat May 24 09:30:18 2025] Inicio de sesion correcto
[Sat May 24 09:30:50 2025] Socket configurado correctamente
[Sat May 24 09:30:57 2025] Inicio de sesion correcto
[Sat May 24 09:36:09 2025] Socket configurado correctamente
[Sat May 24 09:36:11 2025] Inicio de sesion correcto
[Sat May 24 09:38:22 2025] Socket configurado correctamente
[Sat May 24 09:38:25 2025] Inicio de sesion correcto
[Sat May 24 09:49:11 2025] Socket configurado correctamente
[Sat May 24 09:49:13 2025] Inicio de sesion correcto
[Sat May 24 09:52:24 2025] Socket configurado correctamente
[Sat May 24 09:52:26 2025] Inicio de sesion correcto
[Sat May 24 09:54:20 2025] Socket configurado correctamente
[Sat May 24 09:54:24 2025] Inicio de sesion correcto
[Sat May 24 09:56:47 2025] Socket configurado correctamente
[Sat May 24 09:56:49 2025] Inicio de sesion correcto
[Sat May 24 10:05:39 2025] Socket configurado correctamente
[Sat May 24 10:05:41 2025] Inicio de sesion correcto
[Sat May 24 10:05:56 2025] Programa cerrado correctamente
[Sat May 24 10:07:50 2025] Socket configurado correctamente
[Sat May 24 10:07:52 2025] Inicio de sesion correcto
[Sat May 24 10:09:48 2025] Socket configurado correctamente
[Sat May 24 10:09:54 2025] Inicio de sesion correcto
[Sat May 24 10:13:26 2025] Socket configurado correctamente
[Sat May 24 10:13:29 2025] Inicio de sesion correcto
[Sat May 24 10:14:53 2025] Socket configurado correctamente
[Sat May 24 10:14:55 2025] Inicio de sesion correcto
