PartidaLasDamas_7777
Jugador 2: 2,1->3,0
PartidaCuatroenRaya_0641
Jugador 1: columna 1
Jugador 2: columna 2
Jugador 1: columna 1
Jugador 2: columna 2
Jugador 1: columna 1
Jugador 2: columna 2
Jugador 1: columna 1

PartidaLasDamas_1006
Jugador 2: 2,1->3,2
Jugador 1: 5,4->4,3
Jugador 2: 3,2x5,4
Jugador 1: 6,3x4,5
PartidaCuatroenRaya_O174
Jugador 1: columna 1
Jugador 2: columna 2
Jugador 1: columna 1
Jugador 2: columna 2
Jugador 1: columna 1
Jugador 2: columna 2
Jugador 1: columna 1
PartidaCuatroenRaya_O100
Jugador 1: columna 1
Jugador 2: columna 2
Jugador 1: columna 3
Jugador 2: columna 4
Jugador 1: columna 2
Jugador 2: columna 3
Jugador 1: columna 4
Jugador 2: columna 3
Jugador 1: columna 2
Jugador 2: columna 4
Jugador 1: columna 5
Jugador 2: columna 5
Jugador 1: columna 5
Jugador 2: columna 5
PartidaCuatroenRaya_O174
Jugador 1: columna 1
Jugador 2: columna 2
Jugador 1: columna 1
Jugador 2: columna 2
Jugador 1: columna 1
Jugador 2: columna 2
Jugador 1: columna 1
PartidaCuatroenRaya_O100
PartidaCuatroenRaya_O100
Jugador 1: columna 1
Jugador 2: columna 2
Jugador 1: columna 1
Jugador 2: columna 2
Jugador 1: columna 1
Jugador 2: columna 2
Jugador 1: columna 1
PartidaLasDamas_1001
Jugador 2: 2,1->3,0
PartidaLasDamas_1004
FINPARTIDA
PartidaCuatroenRaya_O100
Jugador 1: columna 1
Jugador 2: columna 1
Jugador 1: columna 2
Jugador 2: columna 1
Jugador 1: columna 2
Jugador 2: columna 1
Jugador 1: columna 2
Jugador 2: columna 1
PartidaCuatroenRaya_O100
Jugador 1: columna 2
Jugador 2: columna 1
Jugador 1: columna 2
Jugador 2: columna 1
Jugador 1: columna 2
Jugador 2: columna 1
Jugador 1: columna 2
PartidaCuatroenRaya_O100
Jugador 1: columna 1
Jugador 2: columna 2
Jugador 1: columna 1
Jugador 2: columna 2
Jugador 1: columna 1
Jugador 2: columna 2
Jugador 1: columna 1
